????
Device assigned successfully.
Selecting device.
????
????
Dumping counter entry:
	Packets: 0
	Bytes: 0
????
Dumping counter entry:
	Packets: 7
	Bytes: 9993
????
Dumping counter entry:
	Packets: 7
	Bytes: 9993
????
Dumping counter entry:
	Packets: 12
????
Dumping counter entry:
	Packets: 12
	Bytes: 9993
????
????
Dumping counter entry:
	Packets: 0
	Bytes: 0
????
