????
Device assigned successfully.
Selecting device.
????
Showing devices:
0 (selected)
????
Device removed successfully.
????
Showing devices:
????
