????
Device assigned successfully.
Selecting device.
????
P4 config added with id 1
????
Successfully retrieved 0 entrie(s).
==========
TABLE ENTRIES
==========
Dumping default entry
EMPTY
==========
????
????
Device update started.
????
????
Successfully retrieved 0 entrie(s).
==========
TABLE ENTRIES
==========
Dumping default entry
EMPTY
==========
????
Device update done.
????
????
Successfully retrieved 0 entrie(s).
==========
TABLE ENTRIES
==========
Dumping default entry
EMPTY
==========
????
