????
Device assigned successfully.
Selecting device.
????
Dumping counter entry:
	Bytes: 388
Direct resource spec was stored.
????
????
Entry was successfully added with handle 0.
????
Dumping counter entry:
	Packets: 0
	Bytes: 0
????
